Warmup:	iter=1, time=4.005909	iter=2, time=4.150867	iter=3, time=3.937006	iter=4, time=3.772974	iter=5, time=3.746986	iter=6, time=3.804922	iter=7, time=4.402876	iter=8, time=3.682852	iter=9, time=3.776073	iter=10, time=3.622055	run kernel time = 38.9025	runtime [lonestar] = 39.438963 ms	#errors = 0.

Run 0:	iter=1, time=4.170179	iter=2, time=3.735065	iter=3, time=3.829002	iter=4, time=3.839016	iter=5, time=4.092216	iter=6, time=3.919840	iter=7, time=3.748178	iter=8, time=3.696203	iter=9, time=3.774881	iter=10, time=4.101992	iter=11, time=3.751993	iter=12, time=3.793001	iter=13, time=3.727913	run kernel time = 50.1795	runtime [lonestar] = 51.244020 ms	#errors = 0.

Run 1:	iter=1, time=4.135132	iter=2, time=3.999949	iter=3, time=3.822088	iter=4, time=3.608942	iter=5, time=3.439903	iter=6, time=3.651857	iter=7, time=3.453016	iter=8, time=3.382921	iter=9, time=3.443956	iter=10, time=3.467083	iter=11, time=3.777027	iter=12, time=3.566027	iter=13, time=3.444910	run kernel time = 47.1928	runtime [lonestar] = 48.290014 ms	#errors = 0.

Run 2:	iter=1, time=3.586054	iter=2, time=3.618956	iter=3, time=4.122019	iter=4, time=3.385067	iter=5, time=3.411055	iter=6, time=3.442049	iter=7, time=3.407955	iter=8, time=4.000902	iter=9, time=3.453970	iter=10, time=3.434896	run kernel time = 35.8629	runtime [lonestar] = 36.113024 ms	#errors = 0.

Average kernel time (iter=1) = 3.96379 ms
Average kernel time (total) = 44.4117 ms
